package com.example.nullsafety

class NullSafety {

    fun nullChecks(x: String?, y: Int?) {
        checkNotNull(x)
        requireNotNull(y)
    }

    fun equalsNull(obj: Any?) {
        val isNull = obj == null
    }

    fun nullOrEmpty(x: String?) {
        if (x.isNullOrEmpty()) {
            println("missing")
        }
    }

    fun orEmptyFallbacks(list: List<String>?, str: String?, set: Set<Int>?, map: Map<String, Int>?) {
        val safeList = list.orEmpty()
        val safeSet = set.orEmpty()
        val safeMap = map.orEmpty()
    }
}
